Job 183805.pbs06a.hsn.ath.nas.nasa.gov started on Mon Jul 27 13:57:38 PDT 2026
The job requested the following resources:
    walltime = 02:00:00
    ncpus = 256
    place = scatter:excl

PBS set the following environment variables:
        FORT_BUFFERED = 1
                   TZ = PST8PDT

Warning: no access to tty (Inappropriate ioctl for device).
Thus no job control in this shell.
/nobackupp27/tkoeplin/gfr/FR-IGR/cases/2dcanonical/shock_vortex_workshop/rq250_ent 
Current directory is /nobackupp27/tkoeplin/gfr/FR-IGR/cases/2dcanonical/shock_vortex_workshop/rq250_ent
running do_mom

____________________________________________________________________
Job Resource Usage Summary for 183805.pbs06a.hsn.ath.nas.nasa.gov

   CPU Time Used            : 15:44:14
   Real Memory Used         : 581632kb
   Walltime Used            : 00:05:46
   Exit Status              : 0

   Number of CPUs requested : 256
   Walltime Requested       : 02:00:00

   Execution Queue          : normal
   Charged To               : a1462

   Job Stopped              : Mon Jul 27 14:03:43 2026
____________________________________________________________________
